---
source: crates/libsolv_rs/src/solver.rs
expression: error
---
The following packages are incompatible
|-- asdf cannot be installed because:
    |-- asdf 1.2.3 would require
        |-- C >1, for which no candidates where found.

