---
source: crates/libsolv_rs/src/solver.rs
expression: error
---
No candidates where found for B 14.*.

